[lmpixels.com/wp/leven-wp/dark/index.html]
[backblue.gif]
[fade.gif]
[index.html]
[lmpixels.com/wp/leven-wp/dark/wp-content/mmr/f884f899-1657653136.min.css]
[lmpixels.com/wp/leven-wp/dark/feed/index.html]
[lmpixels.com/wp/leven-wp/dark/wp-content/mmr/01ef1fff-1627236044.min.js]
[lmpixels.com/wp/leven-wp/dark/comments/feed/index.html]
[lmpixels.com/wp/leven-wp/dark/wp-json/wp/v2/pages/157.json]
[lmpixels.com/wp/leven-wp/dark/wp-json/index.html]
[lmpixels.com/wp/leven-wp/dark/xmlrpc0db0.php]
[lmpixels.com/wp/leven-wp/dark/wp-includes/wlwmanifest.xml]
[lmpixels.com/wp/leven-wp/dark/wp-json/oembed/1.0/embed949d.json]
[lmpixels.com/wp/leven-wp/dark/wp-json/oembed/1.0/embed6a6c]
[lmpixels.com/wp/leven-wp/dark/wp-content/uploads/sites/4/2019/12/favicon.ico]
[lmpixels.com/wp/leven-wp/wp-content/uploads/2019/12/testimonial-1.jpg]
[lmpixels.com/wp/leven-wp/wp-content/uploads/2019/12/testimonial-2.jpg]
[lmpixels.com/wp/leven-wp/dark/home-2-about-me/index.html]
[lmpixels.com/wp/leven-wp/wp-content/uploads/2019/12/testimonial-3.jpg]
[lmpixels.com/wp/leven-wp/dark/about-me-3/index.html]
[lmpixels.com/wp/leven-wp/dark/about-me-4/index.html]
[lmpixels.com/wp/leven-wp/wp-content/uploads/2019/12/goldengrid.png]
[lmpixels.com/wp/leven-wp/dark/about-me-5/index.html]
[lmpixels.com/wp/leven-wp/wp-content/uploads/2019/12/sweety.png]
[lmpixels.com/wp/leven-wp/dark/about-me-6/index.html]
[lmpixels.com/wp/leven-wp/dark/home/index.html]
[lmpixels.com/wp/leven-wp/wp-content/uploads/2019/12/Magic-Furnitures-1.png]
[lmpixels.com/wp/leven-wp/dark/home-2/index.html]
[lmpixels.com/wp/leven-wp/wp-content/uploads/2019/12/lifeguard.png]
[lmpixels.com/wp/leven-wp/dark/resume/index.html]
[lmpixels.com/wp/leven-wp/wp-content/uploads/2019/12/client-7.png]
[lmpixels.com/wp/leven-wp/dark/portfolio/index.html]
[lmpixels.com/wp/leven-wp/wp-content/uploads/2019/12/designlovers.png]
[lmpixels.com/wp/leven-wp/wp-content/uploads/2019/12/client-2.png]
[lmpixels.com/wp/leven-wp/dark/portfolio-2-columns/index.html]
[lmpixels.com/wp/leven-wp/dark/wp-login.html]
[lmpixels.com/wp/leven-wp/dark/portfolio-4-columns/index.html]
[lmpixels.com/wp/leven-wp/dark/index.html]
[lmpixels.com/wp/leven-wp/dark/blog-2-columns/index.html]
[lmpixels.com/wp/leven-wp/dark/portfolio-5-columns/index.html]
[lmpixels.com/wp/leven-wp/dark/blog-3-columns/index.html]
[lmpixels.com/wp/leven-wp/dark/wp-content/mmr/4e878e2d-1657007355.min.js]
[lmpixels.com/wp/leven-wp/dark/blog/index.html]
[lmpixels.com/wp/leven-wp/dark/contact/index.html]
[lmpixels.com/wp/leven-wp/dark/wp-content/mmr/f884f899-1657653136.min.css]
[lmpixels.com/wp/leven-wp/dark/extra/index.html]
[lmpixels.com/wp/leven-wp/dark/2019/12/04/how-to-make-a-wordpress-plugin-extensible/index.html]
[lmpixels.com/wp/leven-wp/dark/2019/12/04/6-easy-steps-to-better-icon-design/index.html]
[lmpixels.com/wp/leven-wp/dark/wp-content/mmr/d3e1faf9-1657653136.min.css]
[lmpixels.com/wp/leven-wp/dark/2019/12/04/creative-and-innovative-navigation-designs/index.html]
[lmpixels.com/wp/leven-wp/dark/wp-json/wp/v2/pages/164.json]
[lmpixels.com/wp/leven-wp/dark/2019/12/04/why-i-switched-to-sketch-for-ui-design/index.html]
[lmpixels.com/wp/leven-wp/dark/2019/12/04/an-overview-of-e-commerce-platforms/index.html]
[lmpixels.com/wp/leven-wp/dark/wp-json/oembed/1.0/embedfd93.json]
[lmpixels.com/wp/leven-wp/dark/2019/12/index.html]
[lmpixels.com/wp/leven-wp/dark/wp-json/oembed/1.0/embeda238]
[lmpixels.com/wp/leven-wp/dark/2019/11/index.html]
[lmpixels.com/wp/leven-wp/dark/category/design/index.html]
[lmpixels.com/wp/leven-wp/dark/category/e-commerce/index.html]
[lmpixels.com/wp/leven-wp/dark/home-2-about-me/index.html]
[lmpixels.com/wp/leven-wp/dark/category/uncategorized/index.html]
[lmpixels.com/wp/leven-wp/dark/category/wordpress/index.html]
[lmpixels.com/wp/leven-wp/dark/category/ui/index.html]
[lmpixels.com/wp/leven-wp/dark/wp-content/mmr/5a959c8a-1657007355.min.js]
[lmpixels.com/wp/leven-wp/dark/wp-content/mmr/f5f5f88c-1657653136.min.css]
[lmpixels.com/wp/leven-wp/dark/wp-json/wp/v2/pages/310.json]
[lmpixels.com/wp/leven-wp/dark/wp-json/oembed/1.0/embed050c.json]
[lmpixels.com/wp/leven-wp/dark/wp-json/oembed/1.0/embeda653]
[lmpixels.com/wp/leven-wp/wp-content/uploads/2019/11/main_photo.jpg]
[lmpixels.com/wp/leven-wp/wp-content/uploads/2019/12/client.png]
[lmpixels.com/wp/leven-wp/dark/about-me-3/index.html]
[lmpixels.com/wp/leven-wp/dark/wp-content/mmr/da22fa98-1657653136.min.css]
[lmpixels.com/wp/leven-wp/dark/wp-json/wp/v2/pages/319.json]
[lmpixels.com/wp/leven-wp/dark/wp-json/oembed/1.0/embed238d.json]
[lmpixels.com/wp/leven-wp/dark/wp-json/oembed/1.0/embedac87]
[lmpixels.com/wp/leven-wp/dark/about-me-4/index.html]
[lmpixels.com/wp/leven-wp/dark/wp-content/mmr/5ad79c8b-1657007355.min.js]
[lmpixels.com/wp/leven-wp/dark/wp-json/wp/v2/pages/323.json]
[lmpixels.com/wp/leven-wp/dark/wp-json/oembed/1.0/embed81ae.json]
[lmpixels.com/wp/leven-wp/dark/about-me-5/index.html]
[lmpixels.com/wp/leven-wp/dark/wp-json/oembed/1.0/embed0d46]
[lmpixels.com/wp/leven-wp/dark/wp-json/wp/v2/pages/326.json]
[lmpixels.com/wp/leven-wp/dark/wp-json/oembed/1.0/embed46af.json]
[lmpixels.com/wp/leven-wp/dark/about-me-6/index.html]
[lmpixels.com/wp/leven-wp/dark/wp-json/oembed/1.0/embedaf58]
[lmpixels.com/wp/leven-wp/dark/wp-content/mmr/89bfe3e2-1657653136.min.css]
[lmpixels.com/wp/leven-wp/dark/wp-json/wp/v2/pages/8.json]
[lmpixels.com/wp/leven-wp/dark/wp-json/oembed/1.0/embed9e41.json]
[lmpixels.com/wp/leven-wp/dark/wp-json/oembed/1.0/embed7186]
[lmpixels.com/wp/leven-wp/dark/home/index.html]
[lmpixels.com/wp/leven-wp/dark/wp-content/mmr/6dff7441-1657007355.min.js]
[lmpixels.com/wp/leven-wp/dark/wp-content/mmr/e98de642-1657653136.min.css]
[lmpixels.com/wp/leven-wp/dark/wp-json/wp/v2/pages/15.json]
[lmpixels.com/wp/leven-wp/dark/wp-json/oembed/1.0/embed5023.json]
[lmpixels.com/wp/leven-wp/dark/wp-json/oembed/1.0/embed4b50]
[lmpixels.com/wp/leven-wp/dark/home-2/index.html]
[lmpixels.com/wp/leven-wp/dark/wp-content/mmr/d434829e-1657007355.min.js]
[lmpixels.com/wp/leven-wp/dark/wp-content/mmr/061cea86-1657653136.min.css]
[lmpixels.com/wp/leven-wp/dark/wp-json/wp/v2/pages/171.json]
[lmpixels.com/wp/leven-wp/dark/wp-json/oembed/1.0/embedebbc.json]
[lmpixels.com/wp/leven-wp/dark/wp-json/oembed/1.0/embed0394]
[lmpixels.com/wp/leven-wp/wp-content/uploads/2019/11/1.jpg]
[lmpixels.com/wp/leven-wp/wp-content/uploads/2019/12/client-1.png]
[lmpixels.com/wp/leven-wp/dark/resume/index.html]
[lmpixels.com/wp/leven-wp/dark/wp-content/mmr/c5297f52-1657007355.min.js]
[lmpixels.com/wp/leven-wp/dark/wp-content/mmr/2d24d918-1657653136.min.css]
[lmpixels.com/wp/leven-wp/dark/wp-json/wp/v2/pages/25.json]
[lmpixels.com/wp/leven-wp/dark/wp-json/oembed/1.0/embed7a13.json]
[lmpixels.com/wp/leven-wp/dark/wp-json/oembed/1.0/embedf3d4]
[lmpixels.com/wp/leven-wp/dark/wp-content/uploads/sites/4/2019/12/12.jpg]
[lmpixels.com/wp/leven-wp/dark/wp-content/uploads/sites/4/2019/12/7.jpg]
[lmpixels.com/wp/leven-wp/dark/wp-content/uploads/sites/4/2019/12/1.jpg]
[lmpixels.com/wp/leven-wp/dark/wp-content/uploads/sites/4/2019/12/2.jpg]
[lmpixels.com/wp/leven-wp/dark/wp-content/uploads/sites/4/2019/12/3.jpg]
[lmpixels.com/wp/leven-wp/dark/wp-content/uploads/sites/4/2019/12/4-1.jpg]
[lmpixels.com/wp/leven-wp/dark/wp-content/uploads/sites/4/2019/12/5-1.jpg]
[lmpixels.com/wp/leven-wp/dark/wp-content/uploads/sites/4/2019/12/6.jpg]
[lmpixels.com/wp/leven-wp/dark/wp-content/uploads/sites/4/2019/12/9.jpg]
[lmpixels.com/wp/leven-wp/dark/portfolio/index.html]
[lmpixels.com/wp/leven-wp/dark/project/full-project-2/index.html]
[lmpixels.com/wp/leven-wp/dark/project/full-project-1/index.html]
[lmpixels.com/wp/leven-wp/dark/wp-json/wp/v2/pages/30.json]
[lmpixels.com/wp/leven-wp/dark/wp-json/oembed/1.0/embed72fb.json]
[lmpixels.com/wp/leven-wp/dark/portfolio-2-columns/index.html]
[lmpixels.com/wp/leven-wp/dark/wp-json/oembed/1.0/embed010d]
[lmpixels.com/wp/leven-wp/dark/wp-json/wp/v2/pages/34.json]
[lmpixels.com/wp/leven-wp/dark/wp-json/oembed/1.0/embed1167.json]
[lmpixels.com/wp/leven-wp/dark/portfolio-4-columns/index.html]
[lmpixels.com/wp/leven-wp/dark/wp-json/oembed/1.0/embed8b2f]
[lmpixels.com/wp/leven-wp/dark/wp-json/wp/v2/pages/37.json]
[lmpixels.com/wp/leven-wp/dark/wp-json/oembed/1.0/embed893a.json]
[lmpixels.com/wp/leven-wp/dark/portfolio-5-columns/index.html]
[lmpixels.com/wp/leven-wp/dark/wp-json/oembed/1.0/embed75ac]
[lmpixels.com/wp/leven-wp/dark/wp-content/mmr/7690e101-1657653136.min.css]
[lmpixels.com/wp/leven-wp/dark/wp-json/wp/v2/pages/83.json]
[lmpixels.com/wp/leven-wp/dark/wp-json/oembed/1.0/embed46ca.json]
[lmpixels.com/wp/leven-wp/dark/wp-json/oembed/1.0/embed12ef]
[lmpixels.com/wp/leven-wp/dark/wp-content/uploads/sites/4/2019/12/blog_post_2_full.jpg]
[lmpixels.com/wp/leven-wp/dark/wp-content/uploads/sites/4/2019/12/blog_post_6_full.jpg]
[lmpixels.com/wp/leven-wp/dark/wp-content/uploads/sites/4/2019/12/blog_post_7_full.jpg]
[lmpixels.com/wp/leven-wp/dark/wp-content/uploads/sites/4/2019/12/blog_post_5_full.jpg]
[lmpixels.com/wp/leven-wp/dark/wp-content/uploads/sites/4/2019/12/blog_post_4_full.jpg]
[lmpixels.com/wp/leven-wp/dark/wp-content/uploads/sites/4/2019/12/blog_post_3_full.jpg]
[lmpixels.com/wp/leven-wp/dark/blog-2-columns/index.html]
[lmpixels.com/wp/leven-wp/dark/2019/12/04/designing-the-perfect-feature-comparison-table/index.html]
[lmpixels.com/wp/leven-wp/dark/wp-json/wp/v2/pages/86.json]
[lmpixels.com/wp/leven-wp/dark/wp-json/oembed/1.0/embed9461.json]
[lmpixels.com/wp/leven-wp/dark/blog-3-columns/index.html]
[lmpixels.com/wp/leven-wp/dark/wp-json/oembed/1.0/embed157f]
[lmpixels.com/wp/leven-wp/dark/wp-content/uploads/sites/4/2019/12/blog_post_1_full.jpg]
[lmpixels.com/wp/leven-wp/dark/blog/index.html]
[lmpixels.com/wp/leven-wp/dark/author/lmpixels/index.html]
[lmpixels.com/wp/leven-wp/dark/tag/design/index.html]
[lmpixels.com/wp/leven-wp/dark/tag/plugin/index.html]
[lmpixels.com/wp/leven-wp/dark/tag/wordpress/index.html]
[lmpixels.com/wp/leven-wp/dark/wp-json/wp/v2/pages/187.json]
[lmpixels.com/wp/leven-wp/dark/tag/icon/index.html]
[lmpixels.com/wp/leven-wp/dark/tag/ui/index.html]
[lmpixels.com/wp/leven-wp/dark/tag/ux/index.html]
[lmpixels.com/wp/leven-wp/dark/wp-json/oembed/1.0/embedf23a.json]
[lmpixels.com/wp/leven-wp/dark/tag/menu/index.html]
[lmpixels.com/wp/leven-wp/dark/wp-json/oembed/1.0/embed4cfd]
[lmpixels.com/cdn-cgi/scripts/5c5dd728/cloudflare-static/email-decode.min.js]
[lmpixels.com/wp/leven-wp/dark/tag/video/index.html]
[lmpixels.com/wp/leven-wp/dark/tag/vimeo/index.html]
[lmpixels.com/wp/leven-wp/dark/tag/youtube/index.html]
[www.google.com/recaptcha/api.js]
[lmpixels.com/wp/leven-wp/dark/contact/index.html]
[lmpixels.com/wp/leven-wp/dark/tag/photoshop/index.html]
[lmpixels.com/wp/leven-wp/dark/tag/sketch/index.html]
[lmpixels.com/wp/leven-wp/dark/tag/soundcloud/index.html]
[lmpixels.com/wp/leven-wp/dark/wp-content/mmr/ccc31c52-1657653136.min.css]
[lmpixels.com/wp/leven-wp/dark/tag/e-commerce/index.html]
[lmpixels.com/wp/leven-wp/dark/tag/cms/index.html]
[lmpixels.com/wp/leven-wp/dark/tag/table/index.html]
[lmpixels.com/wp/leven-wp/dark/wp-content/mmr/a104328c-1657007316.min.js]
[lmpixels.com/wp/leven-wp/dark/tag/web/index.html]
[lmpixels.com/wp/leven-wp/dark/wp-json/wp/v2/pages/334.json]
[lmpixels.com/wp/leven-wp/dark/2019/12/04/best-practices-for-animated-progress-indicators/index.html]
[lmpixels.com/wp/leven-wp/dark/tag/animate/index.html]
[lmpixels.com/wp/leven-wp/dark/tag/bar/index.html]
[lmpixels.com/wp/leven-wp/dark/wp-json/oembed/1.0/embed2858.json]
[lmpixels.com/wp/leven-wp/dark/tag/progress/index.html]
[lmpixels.com/wp/leven-wp/dark/wp-json/oembed/1.0/embed2358]
[lmpixels.com/wp/leven-wp/dark/2019/11/28/hello-world/index.html]
[lmpixels.com/wp/leven-wp/dark/extra/index.html]
[lmpixels.com/wp/leven-wp/dark/wp-content/mmr/ee2594f5-1657007355.min.js]
[lmpixels.com/wp/leven-wp/dark/wp-content/mmr/c6c3254b-1657007316.min.js]
[lmpixels.com/wp/leven-wp/dark/2019/12/04/how-to-make-a-wordpress-plugin-extensible/feed/index.html]
[lmpixels.com/wp/leven-wp/dark/wp-json/wp/v2/posts/139.json]
[lmpixels.com/wp/leven-wp/dark/wp-json/oembed/1.0/embedade2.json]
[lmpixels.com/wp/leven-wp/dark/wp-json/oembed/1.0/embed8faf]
[lmpixels.com/wp/leven-wp/dark/xmlrpc.php]
[lmpixels.com/wp/leven-wp/wp-content/uploads/2019/12/blog_post_1_full.jpg]
[lmpixels.com/wp/leven-wp/dark/2019/12/04/how-to-make-a-wordpress-plugin-extensible/index.html]
[lmpixels.com/wp/leven-wp/dark/wp-json/wp/v2/posts/136.json]
[lmpixels.com/wp/leven-wp/dark/2019/12/04/6-easy-steps-to-better-icon-design/feed/index.html]
[lmpixels.com/wp/leven-wp/dark/wp-json/oembed/1.0/embedd43c.json]
[lmpixels.com/wp/leven-wp/dark/wp-json/oembed/1.0/embedca06]
[lmpixels.com/wp/leven-wp/wp-content/uploads/2019/12/blog_post_6_full.jpg]
[lmpixels.com/wp/leven-wp/dark/2019/12/04/6-easy-steps-to-better-icon-design/index.html]
[lmpixels.com/wp/leven-wp/dark/wp-json/wp/v2/posts/133.json]
[lmpixels.com/wp/leven-wp/dark/2019/12/04/creative-and-innovative-navigation-designs/feed/index.html]
[lmpixels.com/wp/leven-wp/dark/wp-json/oembed/1.0/embeda376.json]
[lmpixels.com/wp/leven-wp/dark/2019/12/04/creative-and-innovative-navigation-designs/index.html]
[lmpixels.com/wp/leven-wp/dark/wp-json/oembed/1.0/embed3754]
[lmpixels.com/wp/leven-wp/dark/wp-json/wp/v2/posts/123.json]
[lmpixels.com/wp/leven-wp/dark/2019/12/04/why-i-switched-to-sketch-for-ui-design/feed/index.html]
[lmpixels.com/wp/leven-wp/dark/wp-json/oembed/1.0/embed9b05.json]
[lmpixels.com/wp/leven-wp/dark/wp-json/oembed/1.0/embedb7e2]
[lmpixels.com/wp/leven-wp/wp-content/uploads/2019/12/blog_post_4_full.jpg]
[lmpixels.com/wp/leven-wp/dark/2019/12/04/why-i-switched-to-sketch-for-ui-design/index.html]
[lmpixels.com/wp/leven-wp/dark/wp-json/wp/v2/posts/120.json]
[lmpixels.com/wp/leven-wp/dark/2019/12/04/an-overview-of-e-commerce-platforms/feed/index.html]
[lmpixels.com/wp/leven-wp/dark/wp-json/oembed/1.0/embede52c.json]
[lmpixels.com/wp/leven-wp/dark/2019/12/04/an-overview-of-e-commerce-platforms/index.html]
[lmpixels.com/wp/leven-wp/dark/2019/12/index.html]
[lmpixels.com/wp/leven-wp/dark/wp-json/oembed/1.0/embed6b8f]
[lmpixels.com/wp/leven-wp/dark/wp-content/mmr/4d63c299-1657653136.min.css]
[lmpixels.com/wp/leven-wp/dark/2019/11/index.html]
[lmpixels.com/wp/leven-wp/dark/wp-content/mmr/8808329f-1617349864.min.js]
[lmpixels.com/wp/leven-wp/dark/category/design/index.html]
[lmpixels.com/wp/leven-wp/dark/wp-json/wp/v2/categories/22.json]
[lmpixels.com/wp/leven-wp/dark/category/design/feed/index.html]
[lmpixels.com/wp/leven-wp/dark/category/e-commerce/index.html]
[lmpixels.com/wp/leven-wp/dark/wp-json/wp/v2/categories/10.json]
[lmpixels.com/wp/leven-wp/dark/category/e-commerce/feed/index.html]
[lmpixels.com/wp/leven-wp/dark/category/ui/index.html]
[lmpixels.com/wp/leven-wp/dark/wp-json/wp/v2/categories/16.json]
[lmpixels.com/wp/leven-wp/dark/category/ui/feed/index.html]
[lmpixels.com/wp/leven-wp/dark/category/uncategorized/index.html]
[lmpixels.com/wp/leven-wp/dark/wp-json/wp/v2/categories/1.json]
[lmpixels.com/wp/leven-wp/dark/category/uncategorized/feed/index.html]
[lmpixels.com/wp/leven-wp/dark/category/wordpress/index.html]
[lmpixels.com/wp/leven-wp/dark/wp-json/wp/v2/categories/31.json]
[lmpixels.com/wp/leven-wp/dark/category/wordpress/feed/index.html]
[lmpixels.com/wp/leven-wp/dark/wp-includes/css/dashicons.min.css]
[lmpixels.com/wp/leven-wp/dark/wp-includes/css/buttons.min.css]
[lmpixels.com/wp/leven-wp/dark/wp-admin/css/forms.min.css]
[lmpixels.com/wp/leven-wp/dark/wp-admin/css/l10n.min.css]
[lmpixels.com/wp/leven-wp/dark/wp-admin/css/login.min.css]
[lmpixels.com/wp/leven-wp/dark/wp-login.html]
[lmpixels.com/wp/leven-wp/dark/wp-content/mmr/a3ac4419-1657007316.min.js]
[lmpixels.com/wp/leven-wp/dark/wp-content/mmr/d3e1faf9-1657653136.min.css]
[lmpixels.com/wp/leven-wp/dark/index7760.html]
[lmpixels.com/wp/leven-wp/dark/wp-content/mmr/f5f5f88c-1657653136.min.css]
[lmpixels.com/wp/leven-wp/dark/index90b2.html]
[lmpixels.com/wp/leven-wp/dark/wp-content/mmr/da22fa98-1657653136.min.css]
[lmpixels.com/wp/leven-wp/dark/index63fb.html]
[lmpixels.com/wp/leven-wp/dark/index3cee.html]
[lmpixels.com/wp/leven-wp/dark/index4bd3.html]
[lmpixels.com/wp/leven-wp/dark/wp-content/mmr/89bfe3e2-1657653136.min.css]
[lmpixels.com/wp/leven-wp/dark/index2df4.html]
[lmpixels.com/wp/leven-wp/dark/wp-content/mmr/e98de642-1657653136.min.css]
[lmpixels.com/wp/leven-wp/dark/indexa1ca.html]
[lmpixels.com/wp/leven-wp/dark/wp-content/mmr/061cea86-1657653136.min.css]
[lmpixels.com/wp/leven-wp/dark/indexa828.html]
[lmpixels.com/wp/leven-wp/dark/wp-content/mmr/2d24d918-1657653136.min.css]
[lmpixels.com/wp/leven-wp/dark/index970c.html]
[lmpixels.com/wp/leven-wp/dark/wp-json/wp/v2/fw-portfolio/73.json]
[lmpixels.com/wp/leven-wp/dark/wp-json/oembed/1.0/embedf9a6.json]
[lmpixels.com/wp/leven-wp/dark/wp-json/oembed/1.0/embedb552]
[lmpixels.com/wp/leven-wp/wp-content/uploads/2019/12/1.jpg]
[lmpixels.com/wp/leven-wp/wp-content/uploads/2019/12/2.jpg]
[lmpixels.com/wp/leven-wp/dark/project/youtube-video-2/index.html]
[lmpixels.com/wp/leven-wp/wp-content/uploads/2019/12/3.jpg]
[lmpixels.com/wp/leven-wp/wp-content/uploads/2019/12/4-1.jpg]
[lmpixels.com/wp/leven-wp/wp-content/uploads/2019/12/8.jpg]
[lmpixels.com/wp/leven-wp/dark/project/full-project-2/index.html]
[lmpixels.com/wp/leven-wp/dark/wp-json/wp/v2/fw-portfolio/43.json]
[lmpixels.com/wp/leven-wp/dark/wp-json/oembed/1.0/embed5328.json]
[lmpixels.com/wp/leven-wp/dark/wp-json/oembed/1.0/embedfaa6]
[lmpixels.com/wp/leven-wp/wp-content/uploads/2019/12/10.jpg]
[lmpixels.com/wp/leven-wp/dark/project/direct-url/index.html]
[lmpixels.com/wp/leven-wp/dark/project/youtube-video-1/index.html]
[lmpixels.com/wp/leven-wp/wp-content/uploads/2019/12/11.jpg]
[lmpixels.com/wp/leven-wp/wp-content/uploads/2019/12/12.jpg]
[lmpixels.com/wp/leven-wp/wp-content/uploads/2019/11/9.jpg]
[lmpixels.com/wp/leven-wp/dark/project/full-project-1/index.html]
[lmpixels.com/wp/leven-wp/dark/index5643.html]
[lmpixels.com/wp/leven-wp/dark/index1e7e.html]
[lmpixels.com/wp/leven-wp/dark/index4837.html]
[lmpixels.com/wp/leven-wp/dark/wp-content/mmr/7690e101-1657653136.min.css]
[lmpixels.com/wp/leven-wp/dark/index55e4.html]
[lmpixels.com/wp/leven-wp/dark/wp-json/wp/v2/posts/114.json]
[lmpixels.com/wp/leven-wp/dark/2019/12/04/designing-the-perfect-feature-comparison-table/feed/index.html]
[lmpixels.com/wp/leven-wp/dark/wp-json/oembed/1.0/embed18c6.json]
[lmpixels.com/wp/leven-wp/dark/2019/12/04/designing-the-perfect-feature-comparison-table/index.html]
[lmpixels.com/wp/leven-wp/dark/index6213.html]
[lmpixels.com/wp/leven-wp/dark/wp-json/oembed/1.0/embed19e7]
[lmpixels.com/wp/leven-wp/dark/wp-json/wp/v2/users/1]
[lmpixels.com/wp/leven-wp/dark/author/lmpixels/index.html]
[lmpixels.com/wp/leven-wp/dark/author/lmpixels/feed/index.html]
[lmpixels.com/wp/leven-wp/dark/tag/design/index.html]
[lmpixels.com/wp/leven-wp/dark/wp-json/wp/v2/tags/11.json]
[lmpixels.com/wp/leven-wp/dark/tag/design/feed/index.html]
[lmpixels.com/wp/leven-wp/dark/tag/plugin/index.html]
[lmpixels.com/wp/leven-wp/dark/wp-json/wp/v2/tags/32.json]
[lmpixels.com/wp/leven-wp/dark/tag/plugin/feed/index.html]
[lmpixels.com/wp/leven-wp/dark/tag/wordpress/index.html]
[lmpixels.com/wp/leven-wp/dark/wp-json/wp/v2/tags/33.json]
[lmpixels.com/wp/leven-wp/dark/tag/wordpress/feed/index.html]
[lmpixels.com/wp/leven-wp/dark/tag/icon/index.html]
[lmpixels.com/wp/leven-wp/dark/wp-json/wp/v2/tags/30.json]
[lmpixels.com/wp/leven-wp/dark/tag/icon/feed/index.html]
[lmpixels.com/wp/leven-wp/dark/tag/ui/index.html]
[lmpixels.com/wp/leven-wp/dark/wp-json/wp/v2/tags/13.json]
[lmpixels.com/wp/leven-wp/dark/tag/ui/feed/index.html]
[lmpixels.com/wp/leven-wp/dark/tag/ux/index.html]
[lmpixels.com/wp/leven-wp/dark/wp-json/wp/v2/tags/14.json]
[lmpixels.com/wp/leven-wp/dark/tag/ux/feed/index.html]
[lmpixels.com/wp/leven-wp/dark/tag/menu/index.html]
[lmpixels.com/wp/leven-wp/dark/wp-json/wp/v2/tags/26.json]
[lmpixels.com/wp/leven-wp/dark/tag/menu/feed/index.html]
[lmpixels.com/wp/leven-wp/dark/tag/video/index.html]
[lmpixels.com/wp/leven-wp/dark/wp-json/wp/v2/tags/27.json]
[lmpixels.com/wp/leven-wp/dark/tag/video/feed/index.html]
[lmpixels.com/wp/leven-wp/dark/tag/vimeo/index.html]
[lmpixels.com/wp/leven-wp/dark/wp-json/wp/v2/tags/28.json]
[lmpixels.com/wp/leven-wp/dark/tag/vimeo/feed/index.html]
[lmpixels.com/wp/leven-wp/dark/tag/youtube/index.html]
[lmpixels.com/wp/leven-wp/dark/wp-json/wp/v2/tags/29.json]
[lmpixels.com/wp/leven-wp/dark/tag/youtube/feed/index.html]
[lmpixels.com/wp/leven-wp/dark/tag/photoshop/index.html]
[lmpixels.com/wp/leven-wp/dark/wp-json/wp/v2/tags/23.json]
[lmpixels.com/wp/leven-wp/dark/tag/photoshop/feed/index.html]
[lmpixels.com/wp/leven-wp/dark/tag/sketch/index.html]
[lmpixels.com/wp/leven-wp/dark/wp-json/wp/v2/tags/24.json]
[lmpixels.com/wp/leven-wp/dark/tag/sketch/feed/index.html]
[lmpixels.com/wp/leven-wp/dark/tag/soundcloud/index.html]
[lmpixels.com/wp/leven-wp/dark/wp-json/wp/v2/tags/25.json]
[lmpixels.com/wp/leven-wp/dark/tag/soundcloud/feed/index.html]
[lmpixels.com/wp/leven-wp/dark/tag/cms/index.html]
[lmpixels.com/wp/leven-wp/dark/wp-json/wp/v2/tags/20.json]
[lmpixels.com/wp/leven-wp/dark/tag/cms/feed/index.html]
[lmpixels.com/wp/leven-wp/dark/tag/e-commerce/index.html]
[lmpixels.com/wp/leven-wp/dark/wp-json/wp/v2/tags/21.json]
[lmpixels.com/wp/leven-wp/dark/tag/e-commerce/feed/index.html]
[lmpixels.com/wp/leven-wp/dark/tag/table/index.html]
[lmpixels.com/wp/leven-wp/dark/wp-json/wp/v2/tags/12.json]
[lmpixels.com/wp/leven-wp/dark/tag/table/feed/index.html]
[lmpixels.com/wp/leven-wp/dark/tag/web/index.html]
[lmpixels.com/wp/leven-wp/dark/wp-json/wp/v2/tags/15.json]
[lmpixels.com/wp/leven-wp/dark/tag/web/feed/index.html]
[lmpixels.com/wp/leven-wp/dark/wp-json/wp/v2/posts/96.json]
[lmpixels.com/wp/leven-wp/dark/2019/12/04/best-practices-for-animated-progress-indicators/feed/index.html]
[lmpixels.com/wp/leven-wp/dark/wp-json/oembed/1.0/embedd328.json]
[lmpixels.com/wp/leven-wp/dark/2019/12/04/best-practices-for-animated-progress-indicators/index.html]
[lmpixels.com/wp/leven-wp/dark/wp-json/oembed/1.0/embedd73a]
[lmpixels.com/wp/leven-wp/dark/tag/animate/index.html]
[lmpixels.com/wp/leven-wp/dark/wp-json/wp/v2/tags/17.json]
[lmpixels.com/wp/leven-wp/dark/tag/animate/feed/index.html]
[lmpixels.com/wp/leven-wp/dark/tag/bar/index.html]
[lmpixels.com/wp/leven-wp/dark/wp-json/wp/v2/tags/18.json]
[lmpixels.com/wp/leven-wp/dark/tag/bar/feed/index.html]
[lmpixels.com/wp/leven-wp/dark/tag/progress/index.html]
[lmpixels.com/wp/leven-wp/dark/wp-json/wp/v2/tags/19.json]
[lmpixels.com/wp/leven-wp/dark/tag/progress/feed/index.html]
[lmpixels.com/wp/leven-wp/dark/wp-json/wp/v2/posts/1.json]
[lmpixels.com/wp/leven-wp/dark/2019/11/28/hello-world/feed/index.html]
[lmpixels.com/wp/leven-wp/dark/wp-json/oembed/1.0/embed9239.json]
[lmpixels.com/wp/leven-wp/dark/2019/11/28/hello-world/index.html]
[lmpixels.com/wp/leven-wp/dark/indexc885.html]
[lmpixels.com/wp/leven-wp/dark/wp-json/oembed/1.0/embed0723]
[lmpixels.com/wp/leven-wp/dark/wp-content/mmr/ccc31c52-1657653136.min.css]
[lmpixels.com/wp/leven-wp/dark/indexd06c.html]
[lmpixels.com/wp/leven-wp/dark/indexb4d2.html]
[lmpixels.com/wp/leven-wp/dark/xmlrpc.php]
[lmpixels.com/wp/leven-wp/dark/index9469.html]
[lmpixels.com/wp/leven-wp/dark/index9c49.html]
[lmpixels.com/wp/leven-wp/dark/indexb8c4.html]
[lmpixels.com/wp/leven-wp/dark/index2c90.html]
[lmpixels.com/wp/leven-wp/dark/wp-content/mmr/4d63c299-1657653136.min.css]
[lmpixels.com/wp/leven-wp/dark/wp-includes/fonts/dashicons7d4b.eot]
[lmpixels.com/wp/leven-wp/dark/wp-includes/css/dashicons.min.css]
[lmpixels.com/wp/leven-wp/dark/wp-includes/css/buttons.min.css]
[lmpixels.com/wp/leven-wp/dark/wp-includes/fonts/dashicons7d4b.ttf]
[lmpixels.com/wp/leven-wp/dark/wp-admin/images/loading.gif]
[lmpixels.com/wp/leven-wp/dark/wp-admin/css/forms.min.css]
[lmpixels.com/wp/leven-wp/dark/wp-admin/css/l10n.min.css]
[lmpixels.com/wp/leven-wp/dark/wp-admin/images/w-logo-blue7a53.png]
[lmpixels.com/wp/leven-wp/dark/wp-admin/css/login.min.css]
[lmpixels.com/wp/leven-wp/dark/index8cae.html]
[lmpixels.com/wp/leven-wp/dark/wp-admin/images/wordpress-logo7d6b.svg]
[lmpixels.com/wp/leven-wp/dark/wp-json/wp/v2/fw-portfolio/79.json]
[lmpixels.com/wp/leven-wp/dark/wp-json/oembed/1.0/embed9fd2.json]
[lmpixels.com/wp/leven-wp/dark/project/youtube-video-2/index.html]
[lmpixels.com/wp/leven-wp/dark/index4170.html]
[lmpixels.com/wp/leven-wp/dark/wp-json/oembed/1.0/embede26c]
[lmpixels.com/wp/leven-wp/dark/wp-json/wp/v2/fw-portfolio/71.json]
[lmpixels.com/wp/leven-wp/dark/project/image-2/index.html]
[lmpixels.com/wp/leven-wp/dark/wp-json/oembed/1.0/embedeff8.json]
[lmpixels.com/wp/leven-wp/dark/project/direct-url/index.html]
[lmpixels.com/wp/leven-wp/dark/wp-json/oembed/1.0/embedfb59]
[lmpixels.com/wp/leven-wp/dark/wp-json/wp/v2/fw-portfolio/63.json]
[lmpixels.com/wp/leven-wp/dark/project/image-1/index.html]
[lmpixels.com/wp/leven-wp/dark/wp-json/oembed/1.0/embedb02b.json]
[lmpixels.com/wp/leven-wp/dark/project/youtube-video-1/index.html]
[lmpixels.com/wp/leven-wp/dark/index30a5.html]
[lmpixels.com/wp/leven-wp/dark/wp-json/wp/v2/users/1.json]
[lmpixels.com/wp/leven-wp/dark/index6f72.html]
[lmpixels.com/wp/leven-wp/dark/indexcff1.html]
[lmpixels.com/wp/leven-wp/dark/wp-admin/images/wordpress-logo7d6b.svg]
[lmpixels.com/wp/leven-wp/dark/index6ffe.html]
[lmpixels.com/wp/leven-wp/dark/wp-json/oembed/1.0/embedcf18]
[lmpixels.com/wp/leven-wp/dark/wp-json/wp/v2/fw-portfolio/81.json]
[lmpixels.com/wp/leven-wp/dark/project/vimeo-video/index.html]
[lmpixels.com/wp/leven-wp/dark/wp-json/oembed/1.0/embed7995.json]
[lmpixels.com/wp/leven-wp/dark/project/image-2/index.html]
[lmpixels.com/wp/leven-wp/dark/index6cf3.html]
[lmpixels.com/wp/leven-wp/dark/wp-json/oembed/1.0/embeddba8]
[lmpixels.com/wp/leven-wp/dark/wp-json/wp/v2/fw-portfolio/69.json]
[lmpixels.com/wp/leven-wp/dark/project/soundcloud-audio-1/index.html]
[lmpixels.com/wp/leven-wp/dark/wp-json/oembed/1.0/embede405.json]
[lmpixels.com/wp/leven-wp/dark/project/image-1/index.html]
[lmpixels.com/wp/leven-wp/dark/index2cce.html]
[lmpixels.com/wp/leven-wp/dark/wp-json/oembed/1.0/embed475c]
[lmpixels.com/wp/leven-wp/dark/wp-json/wp/v2/fw-portfolio/65.json]
[lmpixels.com/wp/leven-wp/dark/wp-json/oembed/1.0/embedc611.json]
[lmpixels.com/wp/leven-wp/dark/project/vimeo-video/index.html]
[lmpixels.com/wp/leven-wp/dark/index44d0.html]
[lmpixels.com/wp/leven-wp/dark/wp-json/oembed/1.0/embed10f0]
[lmpixels.com/wp/leven-wp/dark/wp-json/wp/v2/fw-portfolio/67.json]
[lmpixels.com/wp/leven-wp/dark/wp-json/oembed/1.0/embedb7df.json]
[lmpixels.com/wp/leven-wp/dark/project/soundcloud-audio-1/index.html]
[lmpixels.com/wp/leven-wp/dark/indexe2dc.html]
[lmpixels.com/wp/leven-wp/dark/index7665.html]
[lmpixels.com/wp/leven-wp/dark/index96f1.html]
[lmpixels.com/wp/leven-wp/dark/wp-json/oembed/1.0/embed99c1]
